#-----------------------------------------------------------
# Vivado v2018.1 (64-bit)
# SW Build 2188600 on Wed Apr  4 18:40:38 MDT 2018
# IP Build 2185939 on Wed Apr  4 20:55:05 MDT 2018
# Start of session at: Tue Aug 13 09:54:59 2019
# Process ID: 3788
# Current directory: C:/Users/caiyujie/Desktop/gongkaike_hls/code/day5/pool_stream/pool_stream/solution1/sim/verilog
# Command line: vivado.exe -source open_wave.tcl
# Log file: C:/Users/caiyujie/Desktop/gongkaike_hls/code/day5/pool_stream/pool_stream/solution1/sim/verilog/vivado.log
# Journal file: C:/Users/caiyujie/Desktop/gongkaike_hls/code/day5/pool_stream/pool_stream/solution1/sim/verilog\vivado.jou
#-----------------------------------------------------------
start_gui
source open_wave.tcl
open_wave_config C:/Users/caiyujie/Desktop/gongkaike_hls/code/day5/pool_stream/pool_stream/solution1/sim/verilog/pool.wcfg
current_wave_config {pool.wcfg}
add_wave {{/apatb_pool_top/AESL_inst_pool/pool_1D_U0/in_V_V_TDATA}} {{/apatb_pool_top/AESL_inst_pool/pool_1D_U0/in_V_V_TVALID}} {{/apatb_pool_top/AESL_inst_pool/pool_1D_U0/in_V_V_TREADY}} 
current_wave_config {pool.wcfg}
add_wave {{/apatb_pool_top/AESL_inst_pool/pool_2D_U0/in_V_V_dout}} {{/apatb_pool_top/AESL_inst_pool/pool_2D_U0/in_V_V_empty_n}} {{/apatb_pool_top/AESL_inst_pool/pool_2D_U0/in_V_V_read}} 
current_wave_config {pool.wcfg*}
add_wave {{/apatb_pool_top/AESL_inst_pool/hs2axis_U0/out_r_TDATA}} {{/apatb_pool_top/AESL_inst_pool/hs2axis_U0/out_r_TVALID}} {{/apatb_pool_top/AESL_inst_pool/hs2axis_U0/out_r_TREADY}} {{/apatb_pool_top/AESL_inst_pool/hs2axis_U0/out_r_TLAST}} 
close_sim
