#-----------------------------------------------------------
# Webtalk v2018.1 (64-bit)
# SW Build 2188600 on Wed Apr  4 18:40:38 MDT 2018
# IP Build 2185939 on Wed Apr  4 20:55:05 MDT 2018
# Start of session at: Tue Aug 13 09:54:18 2019
# Process ID: 8208
# Current directory: C:/Users/caiyujie/Desktop/gongkaike_hls/code/day5/pool_stream/pool_stream/solution1/sim/verilog
# Command line: wbtcv.exe -mode batch -source C:/Users/caiyujie/Desktop/gongkaike_hls/code/day5/pool_stream/pool_stream/solution1/sim/verilog/xsim.dir/pool/webtalk/xsim_webtalk.tcl -notrace
# Log file: C:/Users/caiyujie/Desktop/gongkaike_hls/code/day5/pool_stream/pool_stream/solution1/sim/verilog/webtalk.log
# Journal file: C:/Users/caiyujie/Desktop/gongkaike_hls/code/day5/pool_stream/pool_stream/solution1/sim/verilog\webtalk.jou
#-----------------------------------------------------------
source C:/Users/caiyujie/Desktop/gongkaike_hls/code/day5/pool_stream/pool_stream/solution1/sim/verilog/xsim.dir/pool/webtalk/xsim_webtalk.tcl -notrace
